<html>
<body>
<pre>
<h1>µVision Build Log</h1>
<h2>Tool Versions:</h2>
IDE-Version: ¦ÌVision V5.27.1.0
Copyright (C) 2019 ARM Ltd and ARM Germany GmbH. All rights reserved.
License Information: wu wubin, bjijing, LIC=----
 
Tool Versions:
Toolchain:       MDK-Lite  Version: 5.27.1.0
Toolchain Path:  D:\software_install\Keil_v5\ARM\ARMCC\Bin
C Compiler:      Armcc.exe V5.06 update 6 (build 750)
Assembler:       Armasm.exe V5.06 update 6 (build 750)
Linker/Locator:  ArmLink.exe V5.06 update 6 (build 750)
Library Manager: ArmAr.exe V5.06 update 6 (build 750)
Hex Converter:   FromElf.exe V5.06 update 6 (build 750)
CPU DLL:         SARMCM3.DLL V5.27.1.0
Dialog DLL:      DCM.DLL V1.17.2.0
Target DLL:      Segger\JL2CM3.dll V2.99.35.0
Dialog DLL:      TCM.DLL V1.36.1.0
 
<h2>Project:</h2>
D:\WTY\9604\mmwave_9604wmld_V1.0.4\Jupiter\Jupiter.uvprojx
Project File Date:  10/30/2023

<h2>Output:</h2>
*** Using Compiler 'V5.06 update 6 (build 750)', folder: 'D:\software_install\Keil_v5\ARM\ARMCC\Bin'
Rebuild target 'Jupiter'
assembling startup_SKY32B750.s...
compiling mpu.c...
compiling fadc.c...
compiling pinmux.c...
compiling wdt.c...
compiling efc.c...
compiling delay.c...
compiling usci.c...
compiling gpio.c...
compiling dma.c...
compiling system_SKY32B750.c...
compiling SPI_Driver.c...
compiling MPU_Driver.c...
compiling Delay_Driver.c...
compiling GPIO_Driver.c...
compiling SysClk_Driver.c...
compiling USART_Driver.c...
compiling DMA_Driver.c...
compiling IRQ_Handler.c...
compiling OSPI_Driver.c...
compiling ADC_Driver.c...
compiling WDT_Driver.c...
compiling main.c...
compiling Led.c...
compiling RF_SPI_Config.c...
compiling Usart_Protocol.c...
compiling ParamConfig.c...
compiling Product.c...
compiling App_Func.c...
compiling BB_Config.c...
linking...
Program Size: Code=20080 RO-data=4576 RW-data=296 ZI-data=15512  
FromELF: creating hex file...
".\Objects\Jupiter.axf" - 0 Error(s), 0 Warning(s).

<h2>Software Packages used:</h2>

Package Vendor: ARM
                http://www.keil.com/pack/ARM.CMSIS.5.5.1.pack
                ARM.CMSIS.5.5.1
                CMSIS (Cortex Microcontroller Software Interface Standard)

<h2>Collection of Component include folders:</h2>
  .\RTE\_Jupiter
  D:\software_install\Local\Arm\Packs\ARM\CMSIS\5.5.1\Device\ARM\ARMCM7\Include

<h2>Collection of Component Files used:</h2>
Build Time Elapsed:  00:00:02
</pre>
</body>
</html>
